2021-03-11 22:34:55,664:INFO:flipkrat.py:Url hitted
2021-03-11 22:34:55,871:INFO:flipkrat.py:login popup handled
2021-03-11 22:34:56,219:INFO:flipkrat.py:Search begins
2021-03-11 22:34:59,039:INFO:flipkrat.py:Data saved in scrapper file
2021-03-11 22:35:58,120:INFO:flipkrat.py:Url hitted
2021-03-11 22:35:58,315:INFO:flipkrat.py:login popup handled
2021-03-11 22:35:58,591:INFO:flipkrat.py:Search begins
2021-03-11 22:36:01,400:INFO:flipkrat.py:Data saved in scrapper file
2021-03-11 22:36:23,309:INFO:flipkrat.py:Url hitted
2021-03-11 22:36:23,496:INFO:flipkrat.py:login popup handled
2021-03-11 22:36:23,770:INFO:flipkrat.py:Search begins
2021-03-11 22:36:33,418:INFO:flipkrat.py:Url hitted
2021-03-11 22:36:33,647:INFO:flipkrat.py:login popup handled
2021-03-11 22:36:34,002:INFO:flipkrat.py:Search begins
2021-03-11 22:36:36,914:INFO:flipkrat.py:Data saved in scrapper file
2021-03-11 22:37:59,845:INFO:flipkrat.py:Thread run completed
2021-03-12 18:10:07,996:INFO:flipkrat.py:Url hitted
2021-03-12 18:10:08,216:INFO:flipkrat.py:login popup handled
2021-03-12 18:10:08,649:INFO:flipkrat.py:Search begins for Nike
2021-03-12 18:10:15,835:INFO:flipkrat.py:Data saved in scrapper file
2021-03-12 18:21:17,976:INFO:flipkrat.py:Url hitted
2021-03-12 18:21:18,307:INFO:flipkrat.py:login popup handled
2021-03-12 18:21:18,661:INFO:flipkrat.py:Search begins for shorts
2021-03-12 18:21:45,120:INFO:flipkrat.py:Thread run completed
2021-03-12 18:51:46,598:INFO:flipkrat.py:Url hitted
2021-03-12 18:51:46,854:INFO:flipkrat.py:login popup handled
2021-03-12 18:51:47,148:INFO:flipkrat.py:Search begins for Nike
2021-03-12 18:51:52,934:INFO:flipkrat.py:Data saved in scrapper file
2021-03-12 18:59:13,412:INFO:flipkrat.py:Url hitted
2021-03-12 18:59:13,585:INFO:flipkrat.py:login popup handled
2021-03-12 18:59:13,871:INFO:flipkrat.py:Search begins for Nike
2021-03-12 18:59:20,027:INFO:flipkrat.py:Data saved in scrapper file
2021-03-12 19:05:39,138:INFO:flipkrat.py:Url hitted
2021-03-12 19:05:39,293:INFO:flipkrat.py:login popup handled
2021-03-12 19:05:39,627:INFO:flipkrat.py:Search begins for Saree
2021-03-12 19:05:45,435:INFO:flipkrat.py:Data saved in scrapper file
2021-03-12 19:48:30,551:INFO:flipkrat.py:Url hitted
2021-03-12 19:48:32,022:INFO:flipkrat.py:login popup handled
2021-03-12 19:48:33,971:INFO:flipkrat.py:Search begins for Nike
2021-03-12 19:48:39,271:INFO:flipkrat.py:Data saved in scrapper file
2021-03-12 19:52:16,469:INFO:flipkrat.py:Url hitted
2021-03-12 19:52:16,797:INFO:flipkrat.py:login popup handled
2021-03-12 19:52:17,244:INFO:flipkrat.py:Search begins for Nike
2021-03-12 19:52:19,627:INFO:flipkrat.py:Data saved in scrapper file
2021-03-12 22:38:31,082:INFO:flipkrat.py:Url hitted
2021-03-12 22:38:31,387:INFO:flipkrat.py:login popup handled
2021-03-12 22:38:31,835:INFO:flipkrat.py:Search begins for Nike
2021-03-12 22:38:38,080:INFO:flipkrat.py:Data saved in scrapper file
2022-10-30 06:14:11,238:INFO:flipkrat.py:Url hitted
2022-10-30 06:14:11,860:INFO:flipkrat.py:login popup handled
2022-10-30 06:14:13,572:INFO:flipkrat.py:Search begins for iphone
2022-10-30 06:14:15,979:INFO:flipkrat.py:Data saved in scrapper file
2022-10-30 06:16:15,197:INFO:flipkrat.py:Url hitted
2022-10-30 06:16:15,367:INFO:flipkrat.py:login popup handled
2022-10-30 06:16:15,832:INFO:flipkrat.py:Search begins for iphone,samsung
2022-10-30 06:16:16,845:INFO:flipkrat.py:Url hitted
2022-10-30 06:16:28,106:INFO:flipkrat.py:Thread run completed
2022-10-30 06:17:30,249:INFO:flipkrat.py:Url hitted
2022-10-30 06:17:30,377:INFO:flipkrat.py:login popup handled
2022-10-30 06:17:30,686:INFO:flipkrat.py:Search begins for iphone
2022-10-30 06:17:36,706:INFO:flipkrat.py:Data saved in scrapper file
2022-10-30 12:48:07,256:INFO:flipkrat.py:Url hitted
2022-10-30 12:48:07,515:INFO:flipkrat.py:login popup handled
2022-10-30 12:48:07,946:INFO:flipkrat.py:Search begins for iphone
2022-10-30 12:48:55,549:INFO:flipkrat.py:Thread run completed
2022-10-30 12:53:52,032:INFO:flipkrat.py:Url hitted
2022-10-30 12:53:52,154:INFO:flipkrat.py:login popup handled
2022-10-30 12:53:52,440:INFO:flipkrat.py:Search begins for iphone
2022-10-30 12:53:55,497:INFO:flipkrat.py:Data saved in scrapper file
2022-10-31 00:32:49,570:INFO:flipkrat.py:Url hitted
2022-10-31 00:32:49,850:INFO:flipkrat.py:login popup handled
2022-10-31 00:32:50,379:INFO:flipkrat.py:Search begins for iphone
2022-10-31 00:32:53,234:INFO:flipkrat.py:Data saved in scrapper file
2022-10-31 00:35:53,029:INFO:flipkrat.py:Url hitted
2022-10-31 00:35:53,200:INFO:flipkrat.py:login popup handled
2022-10-31 00:35:53,545:INFO:flipkrat.py:Search begins for iphone
2022-10-31 00:35:55,561:INFO:flipkrat.py:Data saved in scrapper file
2022-10-31 02:09:49,857:INFO:flipkrat.py:Url hitted
2022-10-31 02:09:50,296:INFO:flipkrat.py:login popup handled
2022-10-31 02:09:51,564:INFO:flipkrat.py:Search begins for iphone
2022-10-31 02:09:54,306:INFO:flipkrat.py:Url hitted
2022-10-31 02:09:56,698:INFO:flipkrat.py:login popup handled
2022-10-31 02:09:58,451:INFO:flipkrat.py:Search begins for iphone
2022-10-31 02:10:02,771:INFO:flipkrat.py:Data saved in scrapper file
2022-10-31 02:10:03,824:INFO:flipkrat.py:Data saved in scrapper file
2022-10-31 15:52:29,616:INFO:flipkrat.py:Url hitted
2022-10-31 15:52:29,882:INFO:flipkrat.py:login popup handled
2022-10-31 15:52:30,204:INFO:flipkrat.py:Search begins for iphone
2022-10-31 15:52:33,470:INFO:flipkrat.py:Data saved in scrapper file
